PS C:\tmp-plasmik\platform\wab> node tools/compile-peg.js modelPegParser.pegcoffee src/wab/gen/modelPegParser.js
ðŸ”¨ Compilando modelPegParser.pegcoffee -> src/wab/gen/modelPegParser.js
âœ… Generado correctamente.
PS C:\tmp-plasmik\platform\wab> node tools/compile-peg.js cssPegParser.pegcoffee src/wab/gen/cssPegParser.js
ðŸ”¨ Compilando cssPegParser.pegcoffee -> src/wab/gen/cssPegParser.js
âœ… Generado correctamente.
PS C:\tmp-plasmik\platform\wab> node tools/compile-peg.js funcTplParser.pegcoffee src/wab/gen/funcTplParser.js
ðŸ”¨ Compilando funcTplParser.pegcoffee -> src/wab/gen/funcTplParser.js
âœ… Generado correctamente.
PS C:\tmp-plasmik\platform\wab> node tools/compile-peg.js GridStyleParser.pegjs src/wab/gen/GridStyleParser.js
ðŸ”¨ Compilando GridStyleParser.pegjs -> src/wab/gen/GridStyleParser.js
âŒ Error compilando: In:
return ( ->
  return [{size: first}, ...rest.map(x => ({size: x[1]}))];
 ).apply(__initializer)
 was the following error:unexpected identifier
PS C:\tmp-plasmik\platform\wab> node tools/compile-peg.js GridStyleParser.pegjs src/wab/gen/GridStyleParser.js
ðŸ”¨ Compilando GridStyleParser.pegjs -> src/wab/gen/GridStyleParser.js
âŒ Error compilando: In:
return ( ->
  return [{size: first}, ...rest.map(x => ({size: x[1]}))];
 ).apply(__initializer)
 was the following error:unexpected identifier